10.150.213.185 - - [14/Feb/2010:01:55:12 -0500] "GET /r/201002b.html HTTP/1.0" 404 208 "-" "Mozilla/4.0 (compatible; MSIE 4.0; Windows 95)"
10.150.213.185 - - [14/Feb/2010:01:55:18 -0500] "GET /r/201002c.html HTTP/1.0" 404 208 "-" "Mozilla/4.0 (compatible; MSIE 4.0; Windows 95)"
10.237.229.115 - - [14/Feb/2010:01:55:24 -0500] "GET /r/201001b.html HTTP/1.0" 404 208 "-" "Mozilla/4.0 (compatible; MSIE 6.0; Windows NT 5.0)"
10.150.213.185 - - [14/Feb/2010:01:55:30 -0500] "GET /r/201001c.html HTTP/1.0" 404 208 "-" "Mozilla/4.0 (compatible; MSIE 4.0; Windows 95)"
10.237.229.115 - - [14/Feb/2010:01:55:36 -0500] "GET /r/200906a.html HTTP/1.0" 404 208 "-" "Mozilla/4.0 (compatible; MSIE 6.0; Windows NT 5.0)"
10.150.213.185 - - [14/Feb/2010:01:55:42 -0500] "GET /r/200910b.html HTTP/1.0" 404 208 "-" "Mozilla/4.0 (compatible; MSIE 4.0; Windows 95)"
10.150.213.185 - - [14/Feb/2010:01:55:48 -0500] "GET /r/www.linux-mag.com HTTP/1.0" 404 213 "-" "Mozilla/4.0 (compatible; MSIE 4.0; Windows 95)"
10.213.13.126 - - [14/Feb/2010:02:00:05 -0500] "GET /r/200907c.html HTTP/1.0" 200 22675 "http://www.rubycolor.org/r/200907c.html" "Mozilla/4.0 (compatible; MSIE 5.01; Windows NT 5.0)"
10.36.216.153 - - [14/Feb/2010:02:00:15 -0500] "GET /r/index.html HTTP/1.1" 200 38942 "-" "-"
10.12.119.105 - - [14/Feb/2010:02:04:31 -0500] "GET /r/ HTTP/1.1" 200 38888 "http://www.ruby-lang.org/ja/hotlinks.html" "Mozilla/4.0 (compatible; MSIE 5.01; Windows NT 5.0)"
10.112.235.86 - - [14/Feb/2010:02:06:41 -0500] "GET /rbsax/doc/classes/XML/SAX2/Drivers/XMLParser.src/M000182.html HTTP/1.0" 200 473 "-" "Openfind data gatherer, Openbot/3.0+(robot-response@openfind.com.tw;+http://www.openfind.com.tw/robot.html)"
10.0.132.100 - - [14/Feb/2010:02:12:34 -0500] "GET /r/ HTTP/1.0" 200 38804 "http://www.ruby-lang.org/ja/hotlinks.html" "-"
10.232.26.82 - - [14/Feb/2010:02:22:14 -0500] "GET /r/200908a.html HTTP/1.1" 200 13848 "http://www.google.com/search?q=ruby+static+typing&hl=en&start=10&sa=N" "Mozilla/4.0 (compatible; MSIE 5.5; Windows 98)"
10.232.26.82 - - [14/Feb/2010:02:22:18 -0500] "GET /r/ HTTP/1.1" 200 38888 "-" "Mozilla/4.0 (compatible; MSIE 5.5; Windows 98)"
10.213.13.126 - - [14/Feb/2010:02:26:26 -0500] "GET /r/200909a.html HTTP/1.0" 200 13755 "http://www.rubycolor.org/r/200909a.html" "Mozilla/4.0 (compatible; MSIE 5.01; Windows NT 5.0)"
10.23.56.118 - - [14/Feb/2010:02:28:35 -0500] "GET /r/index.html HTTP/1.0" 200 38804 "-" "Mozilla/3.04 (WinNT; I)"
10.179.233.229 - - [14/Feb/2010:02:29:44 -0500] "GET /r/ HTTP/1.1" 200 38888 "-" "Mozilla/3.04 (Win98; I)"
10.213.13.126 - - [14/Feb/2010:02:42:24 -0500] "GET /r/index.html HTTP/1.0" 200 38804 "http://www.rubycolor.org/r/index.html" "Mozilla/4.0 (compatible; MSIE 5.01; Windows NT 5.0)"
10.80.135.114 - - [14/Feb/2010:02:45:12 -0500] "GET /r/index.html HTTP/1.0" 200 38804 "-" "Mozilla/3.01 (compatible;)"
10.158.152.128 - - [14/Feb/2010:02:47:18 -0500] "GET /robots.txt HTTP/1.0" 404 204 "-" "Scooter-3.2.DIL"
10.158.152.128 - - [14/Feb/2010:02:47:18 -0500] "GET /r/200909a.html HTTP/1.0" 200 13755 "-" "Scooter-3.2.DIL"
10.212.103.137 - - [14/Feb/2010:02:49:54 -0500] "GET /rbsax/doc/classes/XML/SAX2/Helpers/XMLFilterImpl.src/M000090.html HTTP/1.0" 200 563 "-" "Openfind data gatherer, Openbot/3.0+(robot-response@openfind.com.tw;+http://www.openfind.com.tw/robot.html)"
10.239.203.247 - - [14/Feb/2010:02:52:04 -0500] "GET /r/ HTTP/1.0" 200 38804 "-" "w3m/0.2.1-m17n-0.19"
10.36.216.153 - - [14/Feb/2010:03:00:27 -0500] "GET /r/index.html HTTP/1.1" 200 38942 "-" "-"
10.255.40.178 - - [14/Feb/2010:03:15:16 -0500] "GET /r/ HTTP/1.1" 200 38888 "-" "Mozilla/4.0 (compatible; MSIE 5.5; Windows NT 5.0; T312461)"
10.164.105.165 - - [14/Feb/2010:03:26:11 -0500] "GET /r/ HTTP/1.1" 200 - "-" "Mozilla/5.0 (Windows; U; Windows NT 5.0; ja-JP; rv:0.9.8) Gecko/20100204"
10.112.235.86 - - [14/Feb/2010:03:41:08 -0500] "GET /rbsax/doc/classes/XML/SAX2/Helpers/XMLFilterImpl.src/M000075.html HTTP/1.0" 200 612 "-" "Openfind data gatherer, Openbot/3.0+(robot-response@openfind.com.tw;+http://www.openfind.com.tw/robot.html)"
10.80.221.105 - - [14/Feb/2010:03:42:18 -0500] "GET /r/index.html HTTP/1.1" 200 38942 "-" "Mozilla/5.0 (X11; U; FreeBSD i386; en-US; rv:0.9.8+) Gecko/20100204"
10.66.7.37 - - [14/Feb/2010:03:46:17 -0500] "GET /r/index.html HTTP/1.1" 200 38942 "-" "Mozilla/4.0 (compatible; MSIE 5.5; Windows 98; T312461)"
10.112.235.86 - - [14/Feb/2010:03:54:42 -0500] "GET /rbsax/doc/classes/XML/SAX2/Helpers/XMLFilterImpl.src/M000073.html HTTP/1.0" 200 650 "-" "Openfind data gatherer, Openbot/3.0+(robot-response@openfind.com.tw;+http://www.openfind.com.tw/robot.html)"
10.112.235.86 - - [14/Feb/2010:03:54:47 -0500] "GET /rbsax/doc/classes/XML/SAX2/Helpers/XMLFilterImpl.src/M000078.html HTTP/1.0" 200 533 "-" "Openfind data gatherer, Openbot/3.0+(robot-response@openfind.com.tw;+http://www.openfind.com.tw/robot.html)"
10.36.216.153 - - [14/Feb/2010:04:00:56 -0500] "GET /r/index.html HTTP/1.1" 200 38942 "-" "-"
10.0.132.100 - - [14/Feb/2010:04:12:36 -0500] "GET /r/ HTTP/1.0" 200 38815 "http://www.ruby-lang.org/ja/hotlinks.html" "-"
10.82.49.141 - - [14/Feb/2010:04:31:06 -0500] "GET /r/200906c.html HTTP/1.0" 200 19134 "http://www.google.com/search?q=Ruby+ImageMagick&hl=ja&lr=lang_en%7Clang_ja" "Mozilla/4.79C-ja  [ja] (X11; U; Linux 2.4.2 i386; Nav)"
10.173.126.81 - - [14/Feb/2010:04:33:48 -0500] "GET /r/ HTTP/1.1" 200 38899 "-" "Mozilla/5.0 (X11; U; Linux i686; en-US; Galeon) Gecko/20090901"
10.162.178.53 - - [14/Feb/2010:04:49:51 -0500] "GET /r/ HTTP/1.0" 200 38815 "-" "w3m/0.2.5.1"
10.241.22.189 - - [14/Feb/2010:04:50:46 -0500] "GET /r/ HTTP/1.0" 200 - "-" "Mozilla/3.01 (compatible;)"
10.241.22.189 - - [14/Feb/2010:04:50:48 -0500] "GET /r/ HTTP/1.0" 200 38815 "-" "Mozilla/4.0 (compatible; MSIE 5.5; Windows NT 5.0; Hewlett-Packard IE5.5)"
10.233.26.227 - - [14/Feb/2010:04:58:49 -0500] "GET /r/ HTTP/1.1" 200 38899 "-" "Mozilla/4.0 (compatible; MSIE 5.01; Windows NT 5.0)"
10.36.216.153 - - [14/Feb/2010:05:00:23 -0500] "GET /r/index.html HTTP/1.1" 200 38953 "-" "-"
10.180.126.194 - - [14/Feb/2010:05:03:17 -0500] "GET /rbsax/doc/classes/XML/SAX2/Helpers/XMLFilterImpl.src/M000086.html HTTP/1.0" 200 611 "-" "Openfind data gatherer, Openbot/3.0+(robot-response@openfind.com.tw;+http://www.openfind.com.tw/robot.html)"
10.233.226.87 - - [14/Feb/2010:05:06:44 -0500] "GET /r/ HTTP/1.1" 200 - "-" "Mozilla/4.0 (compatible; MSIE 5.01; Windows 98)"
10.132.94.189 - - [14/Feb/2010:05:08:33 -0500] "GET /r/topics.html HTTP/1.1" 200 19312 "http://www.rubycolor.org/r/" "Mozilla/4.0 (compatible; MSIE 5.5; Windows NT 5.0; DigExt)"
10.80.135.114 - - [14/Feb/2010:05:09:33 -0500] "GET /r/index.html HTTP/1.0" 200 38815 "-" "Mozilla/3.01 (compatible;)"
10.180.126.194 - - [14/Feb/2010:05:11:28 -0500] "GET /rbsax/doc/classes/XML/SAX2/Helpers/XMLFilterImpl.src/M000084.html HTTP/1.0" 200 537 "-" "Openfind data gatherer, Openbot/3.0+(robot-response@openfind.com.tw;+http://www.openfind.com.tw/robot.html)"
10.106.98.70 - - [14/Feb/2010:05:19:55 -0500] "GET /r/ HTTP/1.1" 200 38899 "-" "Mozilla/4.0 (compatible; MSIE 5.5; Windows NT 4.0)"
10.112.235.86 - - [14/Feb/2010:05:31:12 -0500] "GET /rbsax/doc/classes/XML/SAX2/Drivers/NQXML/DRV_NQXML_Parser.src/M000138.html HTTP/1.0" 200 462 "-" "Openfind data gatherer, Openbot/3.0+(robot-response@openfind.com.tw;+http://www.openfind.com.tw/robot.html)"
10.212.103.137 - - [14/Feb/2010:05:46:52 -0500] "GET /rbsax/doc/classes/XML/SAX2/Helpers/XMLFilterImpl.src/M000087.html HTTP/1.0" 200 579 "-" "Openfind data gatherer, Openbot/3.0+(robot-response@openfind.com.tw;+http://www.openfind.com.tw/robot.html)"
10.36.216.153 - - [14/Feb/2010:06:00:20 -0500] "GET /r/index.html HTTP/1.1" 200 38953 "-" "-"
10.254.153.45 - - [14/Feb/2010:06:01:39 -0500] "GET /r/ HTTP/1.1" 200 38899 "-" "Mozilla/4.0 (compatible; MSIE 6.0; Windows 98; Q312461)"
10.212.103.137 - - [14/Feb/2010:06:07:36 -0500] "GET /rbsax/doc/classes/XML/SAX2/Helpers/XMLFilterImpl.src/M000089.html HTTP/1.0" 200 551 "-" "Openfind data gatherer, Openbot/3.0+(robot-response@openfind.com.tw;+http://www.openfind.com.tw/robot.html)"
10.0.132.100 - - [14/Feb/2010:06:12:33 -0500] "GET /r/ HTTP/1.0" 200 38815 "http://www.ruby-lang.org/ja/hotlinks.html" "-"
10.250.154.115 - - [14/Feb/2010:06:13:57 -0500] "GET /r/200911a.html HTTP/1.0" 200 14349 "http://www.google.com/search?q=rb_funcall&hl=ja&lr=lang_ja&start=10&sa=N" "Mozilla/4.0 (compatible; MSIE 5.5; Windows 98; Win 9x 4.90)"
10.180.126.194 - - [14/Feb/2010:06:21:58 -0500] "GET /rbsax/doc/classes/XML/SAX2/Helpers/XMLFilterImpl.src/M000085.html HTTP/1.0" 200 556 "-" "Openfind data gatherer, Openbot/3.0+(robot-response@openfind.com.tw;+http://www.openfind.com.tw/robot.html)"
10.219.236.35 - - [14/Feb/2010:06:22:13 -0500] "GET /r/ HTTP/1.1" 200 - "-" "Mozilla/4.0 (compatible; MSIE 6.0; Windows NT 5.1; T312461; Q312461)"
10.113.226.56 - - [14/Feb/2010:06:28:21 -0500] "GET /r/ HTTP/1.0" 200 38815 "-" "Mozilla/4.76 (Windows NT 4.0; U) Opera 6.0  [ja]"
10.57.16.200 - - [14/Feb/2010:06:31:19 -0500] "GET /robots.txt HTTP/1.0" 404 204 "-" "Openfind data gatherer, Openbot/3.0+(robot-response@openfind.com.tw;+http://www.openfind.com.tw/robot.html)"
10.213.13.126 - - [14/Feb/2010:06:56:16 -0500] "GET /r/200912c.html HTTP/1.0" 200 8088 "http://www.rubycolor.org/r/200912c.html" "Mozilla/4.0 (compatible; MSIE 5.01; Windows NT 5.0)"
10.181.248.27 - - [14/Feb/2010:06:58:44 -0500] "GET /rbsax/doc/classes/XML/SAX2/Helpers/XMLFilterImpl.src/M000083.html HTTP/1.0" 200 607 "-" "Openfind data gatherer, Openbot/3.0+(robot-response@openfind.com.tw;+http://www.openfind.com.tw/robot.html)"
10.36.216.153 - - [14/Feb/2010:07:00:17 -0500] "GET /r/index.html HTTP/1.1" 200 38953 "-" "-"
10.213.9.250 - - [14/Feb/2010:07:01:10 -0500] "GET /rbsax/doc/classes/XML/SAX2/Helpers/XMLFilterImpl.src/M000081.html HTTP/1.0" 200 555 "-" "Openfind data gatherer, Openbot/3.0+(robot-response@openfind.com.tw;+http://www.openfind.com.tw/robot.html)"
10.212.103.137 - - [14/Feb/2010:07:11:54 -0500] "GET /rbsax/doc/classes/XML/SAX2/Drivers/XMLParser/DRV_XMLParser.src/M000190.html HTTP/1.0" 200 495 "-" "Openfind data gatherer, Openbot/3.0+(robot-response@openfind.com.tw;+http://www.openfind.com.tw/robot.html)"
10.219.95.7 - - [14/Feb/2010:07:12:30 -0500] "GET /robots.txt HTTP/1.1" 404 216 "-" "WebAuto/3.40 (Win98; I)"
10.65.217.167 - - [14/Feb/2010:07:23:20 -0500] "GET /r/ HTTP/1.1" 200 - "-" "Mozilla/4.0 (compatible; MSIE 6.0; Windows NT 5.0; Q312461)"
10.57.16.200 - - [14/Feb/2010:07:25:42 -0500] "GET /rbsax/doc/classes/XML/SAX2/Locator.src/M000014.html HTTP/1.0" 200 475 "-" "Openfind data gatherer, Openbot/3.0+(robot-response@openfind.com.tw;+http://www.openfind.com.tw/robot.html)"
10.84.114.249 - - [14/Feb/2010:07:26:33 -0500] "GET /r/index.html HTTP/1.0" 200 38815 "-" "w3m/0.2.5+cvs-1.299"
10.80.135.114 - - [14/Feb/2010:07:33:53 -0500] "GET /r/index.html HTTP/1.0" 200 38815 "-" "Mozilla/3.01 (compatible;)"
10.233.1.102 - - [14/Feb/2010:07:37:24 -0500] "GET /r/topics.html HTTP/1.1" 200 19312 "http://www.google.com/search?hl=ja&q=soap+unit+test&lr=lang_ja" "Mozilla/4.0 (compatible; MSIE 5.01; Windows NT 5.0)"
10.233.1.102 - - [14/Feb/2010:07:37:35 -0500] "GET /r/200907b.html HTTP/1.1" 200 14667 "http://www.rubycolor.org/r/topics.html" "Mozilla/4.0 (compatible; MSIE 5.01; Windows NT 5.0)"
10.233.1.102 - - [14/Feb/2010:07:39:14 -0500] "GET /r/201002a.html HTTP/1.1" 200 31172 "http://www.rubycolor.org/r/topics.html" "Mozilla/4.0 (compatible; MSIE 5.01; Windows NT 5.0)"
10.15.192.153 - - [14/Feb/2010:07:42:44 -0500] "GET /robots.txt HTTP/1.0" 404 204 "-" "Openfind data gatherer, Openbot/3.0+(robot-response@openfind.com.tw;+http://www.openfind.com.tw/robot.html)"
10.224.24.186 - - [14/Feb/2010:07:47:48 -0500] "GET /r/ HTTP/1.0" 200 38815 "-" "w3m/0.2.5-img-2.2"
10.49.178.114 - - [14/Feb/2010:07:48:18 -0500] "GET /r/ HTTP/1.1" 200 38899 "-" "Mozilla/5.0 (X11; U; Linux i686; en-US; rv:0.9.2.1) Gecko/20090901"
10.36.216.153 - - [14/Feb/2010:08:00:29 -0500] "GET /r/index.html HTTP/1.1" 200 38953 "-" "-"
10.158.248.237 - - [14/Feb/2010:08:06:50 -0500] "GET /robots.txt HTTP/1.1" 404 216 "-" "WebAuto/3.40 (Win98; I)"
10.0.132.100 - - [14/Feb/2010:08:12:36 -0500] "GET /r/ HTTP/1.0" 200 38815 "http://www.ruby-lang.org/ja/hotlinks.html" "-"
10.88.213.191 - - [14/Feb/2010:08:15:16 -0500] "GET /r/ HTTP/1.0" 200 38815 "-" "Mozilla/4.0 (compatible; MSIE 5.01; Windows NT 5.0)"
10.228.122.60 - - [14/Feb/2010:08:21:20 -0500] "GET /r/index.html HTTP/1.1" 200 38953 "-" "Mozilla/4.0 (compatible; MSIE 5.5; Windows NT 5.0)"
10.112.235.86 - - [14/Feb/2010:08:27:30 -0500] "GET /rbsax/doc/classes/XML/SAX2/Drivers/XMLParser/DRV_XMLParser.src/M000204.html HTTP/1.0" 200 1041 "-" "Openfind data gatherer, Openbot/3.0+(robot-response@openfind.com.tw;+http://www.openfind.com.tw/robot.html)"
10.112.235.86 - - [14/Feb/2010:08:27:37 -0500] "GET /rbsax/doc/classes/XML/SAX2/Drivers/NQXML/DRV_NQXML_Parser.src/M000140.html HTTP/1.0" 200 491 "-" "Openfind data gatherer, Openbot/3.0+(robot-response@openfind.com.tw;+http://www.openfind.com.tw/robot.html)"
10.112.235.86 - - [14/Feb/2010:08:33:40 -0500] "GET /rbsax/doc/classes/XML/SAX2/Helpers/XMLFilterImpl.src/M000074.html HTTP/1.0" 200 680 "-" "Openfind data gatherer, Openbot/3.0+(robot-response@openfind.com.tw;+http://www.openfind.com.tw/robot.html)"
10.112.235.86 - - [14/Feb/2010:08:39:09 -0500] "GET /rbsax/doc/classes/XML/SAX2/Helpers/XMLFilterImpl.src/M000072.html HTTP/1.0" 200 673 "-" "Openfind data gatherer, Openbot/3.0+(robot-response@openfind.com.tw;+http://www.openfind.com.tw/robot.html)"
10.112.235.86 - - [14/Feb/2010:08:43:37 -0500] "GET /rbsax/doc/classes/XML/SAX2/Drivers/REXML.src/M000258.html HTTP/1.0" 200 946 "-" "Openfind data gatherer, Openbot/3.0+(robot-response@openfind.com.tw;+http://www.openfind.com.tw/robot.html)"
10.24.224.133 - - [14/Feb/2010:08:58:53 -0500] "GET /r/ HTTP/1.1" 200 38899 "myportal://" "Mozilla/5.0 Galeon/1.0.3 (X11; Linux i686; U;) Gecko/20100203"
10.24.224.133 - - [14/Feb/2010:08:58:54 -0500] "GET /r/ HTTP/1.1" 200 38899 "myportal://" "Mozilla/5.0 Galeon/1.0.3 (X11; Linux i686; U;) Gecko/20100203"
10.36.216.153 - - [14/Feb/2010:09:00:39 -0500] "GET /r/index.html HTTP/1.1" 200 38953 "-" "-"
10.255.100.166 - - [14/Feb/2010:09:10:50 -0500] "GET /r/index.html HTTP/1.1" 200 38953 "-" "Mozilla/4.0 (compatible; MSIE 6.0; Windows NT 5.1; Q312461)"
10.240.186.209 - - [14/Feb/2010:09:17:50 -0500] "GET /r/ HTTP/1.0" 200 - "-" "Mozilla/3.01 (compatible;)"
10.212.103.137 - - [14/Feb/2010:09:21:46 -0500] "GET /rbsax/doc/classes/XML/SAX2/Helpers/XMLFilterImpl.src/M000088.html HTTP/1.0" 200 556 "-" "Openfind data gatherer, Openbot/3.0+(robot-response@openfind.com.tw;+http://www.openfind.com.tw/robot.html)"
10.105.145.56 - - [14/Feb/2010:09:27:31 -0500] "GET /r/ HTTP/1.1" 200 38899 "http://www.ruby-lang.org/ja/hotlinks.html" "Mozilla/3.0 (compatible; NetPositive/2.2.1; BeOS)"
10.182.172.55 - - [14/Feb/2010:09:29:00 -0500] "GET /robots.txt HTTP/1.0" 404 204 "-" "Gais data gater, gaisbot/3.0+(robot-response@openfind.com.tw;+http://gais.cs.ccu.edu.tw/robot.php)"
10.108.253.176 - - [14/Feb/2010:09:31:09 -0500] "GET /r/index.html HTTP/1.0" 200 38815 "-" "Wget/1.7"
10.248.255.84 - - [14/Feb/2010:09:34:28 -0500] "GET /robots.txt HTTP/1.1" 404 216 "-" "WebAuto/3.40 (Win98; I)"
10.49.178.114 - - [14/Feb/2010:09:41:45 -0500] "GET /r/ HTTP/1.1" 200 38899 "-" "Mozilla/5.0 (X11; U; Linux i686; en-US; rv:0.9.2.1) Gecko/20090901"
10.233.150.106 - - [14/Feb/2010:09:41:46 -0500] "GET /r/index.html HTTP/1.1" 200 38953 "-" "WWWC/1.01"
10.219.236.35 - - [14/Feb/2010:09:45:08 -0500] "GET /r/ HTTP/1.1" 200 - "-" "Mozilla/4.0 (compatible; MSIE 6.0; Windows NT 5.1; T312461; Q312461)"
10.118.140.205 - - [14/Feb/2010:09:48:02 -0500] "GET /r/ HTTP/1.1" 200 - "-" "Mozilla/4.0 (compatible; MSIE 5.01; Windows 98)"
10.180.126.194 - - [14/Feb/2010:09:52:41 -0500] "GET /rbsax/doc/classes/XML/SAX2/Drivers/REXML.src/M000248.html HTTP/1.0" 200 1741 "-" "Openfind data gatherer, Openbot/3.0+(robot-response@openfind.com.tw;+http://www.openfind.com.tw/robot.html)"
10.233.150.106 - - [14/Feb/2010:09:54:18 -0500] "GET /r/index.html HTTP/1.1" 200 38953 "-" "Mozilla/4.0 (compatible; MSIE 6.0; Windows NT 5.1; Q312461)"
10.182.172.55 - - [14/Feb/2010:09:54:50 -0500] "GET /r/201002a.html HTTP/1.0" 200 31062 "-" "Gais data gater, gaisbot/3.0+(robot-response@openfind.com.tw;+http://gais.cs.ccu.edu.tw/robot.php)"
10.80.135.114 - - [14/Feb/2010:09:58:14 -0500] "GET /r/index.html HTTP/1.0" 200 38815 "-" "Mozilla/3.01 (compatible;)"
10.67.105.233 - - [14/Feb/2010:09:58:43 -0500] "GET /r/ HTTP/1.1" 200 38899 "http://www.rubycolor.org/" "Mozilla/4.0 (compatible; MSIE 6.0; Windows NT 5.1; Q312461; .NET CLR 1.0.2914)"
10.67.105.233 - - [14/Feb/2010:10:00:00 -0500] "GET /r/ HTTP/1.1" 200 - "http://www.rubycolor.org/" "Mozilla/4.0 (compatible; MSIE 6.0; Windows NT 5.1; Q312461; .NET CLR 1.0.2914)"
10.67.105.233 - - [14/Feb/2010:10:00:10 -0500] "GET /r/ HTTP/1.1" 200 - "http://www.rubycolor.org/" "Mozilla/4.0 (compatible; MSIE 6.0; Windows NT 5.1; Q312461; .NET CLR 1.0.2914)"
10.36.216.153 - - [14/Feb/2010:10:00:17 -0500] "GET /r/index.html HTTP/1.1" 200 38953 "-" "-"
10.66.7.37 - - [14/Feb/2010:10:05:01 -0500] "GET /r/index.html HTTP/1.1" 200 38953 "-" "Mozilla/4.0 (compatible; MSIE 5.5; Windows 98; T312461)"
10.0.132.100 - - [14/Feb/2010:10:12:50 -0500] "GET /r/ HTTP/1.0" 200 38815 "http://www.ruby-lang.org/ja/hotlinks.html" "-"
10.161.134.98 - - [14/Feb/2010:10:13:43 -0500] "GET /robots.txt HTTP/1.1" 404 216 "-" "WebAuto/3.40 (Win98; I)"
10.66.7.37 - - [14/Feb/2010:10:17:19 -0500] "GET /r/index.html HTTP/1.1" 200 38953 "-" "Mozilla/4.0 (compatible; MSIE 5.5; Windows 98; T312461)"
10.15.192.153 - - [14/Feb/2010:10:22:08 -0500] "GET /rbsax/doc/classes/XML/SAX2/Locator.src/M000016.html HTTP/1.0" 200 477 "-" "Openfind data gatherer, Openbot/3.0+(robot-response@openfind.com.tw;+http://www.openfind.com.tw/robot.html)"
10.57.16.200 - - [14/Feb/2010:10:23:44 -0500] "GET /rbsax/doc/classes/XML/SAX2/InputSource.src/M000116.html HTTP/1.0" 200 974 "-" "Openfind data gatherer, Openbot/3.0+(robot-response@openfind.com.tw;+http://www.openfind.com.tw/robot.html)"
10.182.172.55 - - [14/Feb/2010:10:24:41 -0500] "GET /robots.txt HTTP/1.0" 404 204 "-" "Gais data gater, gaisbot/3.0+(robot-response@openfind.com.tw;+http://gais.cs.ccu.edu.tw/robot.php)"
10.9.44.224 - - [14/Feb/2010:10:29:30 -0500] "GET /r/index.html HTTP/1.0" 200 38815 "-" "Mozilla/5.0 (Windows; U; Windows NT 5.0; en-US; rv:0.9.8+) Gecko/20100208"
10.233.150.106 - - [14/Feb/2010:10:41:23 -0500] "GET /r/index.html HTTP/1.1" 200 38953 "-" "WWWC/1.01"
10.182.172.55 - - [14/Feb/2010:10:41:41 -0500] "GET /r/201002b.html HTTP/1.0" 404 208 "-" "Gais data gater, gaisbot/3.0+(robot-response@openfind.com.tw;+http://gais.cs.ccu.edu.tw/robot.php)"
10.182.172.55 - - [14/Feb/2010:10:42:07 -0500] "GET /r/201002c.html HTTP/1.0" 404 208 "-" "Gais data gater, gaisbot/3.0+(robot-response@openfind.com.tw;+http://gais.cs.ccu.edu.tw/robot.php)"
10.75.109.21 - - [14/Feb/2010:10:44:05 -0500] "GET /r/ HTTP/1.1" 200 - "-" "Mozilla/4.0 (compatible; MSIE 5.5; Windows 98; Win 9x 4.90)"
10.121.255.26 - - [14/Feb/2010:10:50:59 -0500] "GET /r/ HTTP/1.1" 200 - "http://www.rubycolor.org/" "Mozilla/4.0 (compatible; MSIE 5.01; Windows 98)"
10.36.216.153 - - [14/Feb/2010:11:00:27 -0500] "GET /r/index.html HTTP/1.1" 200 38953 "-" "-"
10.12.106.106 - - [14/Feb/2010:11:07:45 -0500] "GET /r/topics_ml.html HTTP/1.0" 200 12295 "http://www.google.com/search?q=QNX+Ruby&hl=en&start=20&sa=N" "Mozilla/4.0 (compatible; MSIE 6.0; Windows NT 4.0)"
10.166.243.203 - - [14/Feb/2010:11:08:07 -0500] "GET /r/ HTTP/1.0" 200 38815 "-" "w3m/0.2.5"
10.219.236.35 - - [14/Feb/2010:11:15:41 -0500] "GET /r/ HTTP/1.1" 200 - "-" "Mozilla/4.0 (compatible; MSIE 6.0; Windows NT 5.1; T312461; Q312461)"
10.219.236.35 - - [14/Feb/2010:11:18:27 -0500] "GET /r/ HTTP/1.1" 200 - "-" "Mozilla/4.0 (compatible; MSIE 6.0; Windows NT 5.1; T312461; Q312461)"
10.57.16.200 - - [14/Feb/2010:11:29:53 -0500] "GET /rbsax/doc/classes/XML.html HTTP/1.0" 200 9765 "-" "Openfind data gatherer, Openbot/3.0+(robot-response@openfind.com.tw;+http://www.openfind.com.tw/robot.html)"
10.112.235.86 - - [14/Feb/2010:11:30:15 -0500] "GET /robots.txt HTTP/1.0" 404 204 "-" "Openfind data gatherer, Openbot/3.0+(robot-response@openfind.com.tw;+http://www.openfind.com.tw/robot.html)"
10.248.240.115 - - [14/Feb/2010:11:38:38 -0500] "GET /robots.txt HTTP/1.0" 404 204 "-" "NationalDirectory-WebSpider/1.3"
10.248.240.115 - - [14/Feb/2010:11:38:38 -0500] "GET /r/ HTTP/1.0" 200 38815 "-" "NationalDirectory-WebSpider/1.3"
10.214.16.155 - - [14/Feb/2010:11:41:11 -0500] "GET /r/ HTTP/1.0" 200 - "-" "w3m/0.2.2-inu-1.1"
10.233.150.106 - - [14/Feb/2010:11:41:20 -0500] "GET /r/index.html HTTP/1.1" 200 38953 "-" "WWWC/1.01"
10.180.126.194 - - [14/Feb/2010:11:46:43 -0500] "GET /robots.txt HTTP/1.0" 404 204 "-" "Openfind data gatherer, Openbot/3.0+(robot-response@openfind.com.tw;+http://www.openfind.com.tw/robot.html)"
10.36.216.153 - - [14/Feb/2010:12:00:19 -0500] "GET /r/index.html HTTP/1.1" 200 38953 "-" "-"
10.0.132.100 - - [14/Feb/2010:12:12:31 -0500] "GET /r/ HTTP/1.0" 200 38831 "http://www.ruby-lang.org/ja/hotlinks.html" "-"
10.167.247.254 - - [14/Feb/2010:12:19:07 -0500] "GET /r/ HTTP/1.1" 200 38915 "-" "Mozilla/4.0 (compatible; MSIE 5.01; Windows 98)"
10.80.135.114 - - [14/Feb/2010:12:22:36 -0500] "GET /r/index.html HTTP/1.0" 200 38831 "-" "Mozilla/3.01 (compatible;)"
10.62.185.44 - - [14/Feb/2010:12:23:08 -0500] "GET /r/ HTTP/1.1" 200 38915 "-" "Mozilla/5.0 (X11; U; Linux i686; en-US; rv:0.9.8) Gecko/20100204"
10.125.223.144 - - [14/Feb/2010:12:26:51 -0500] "GET /r/ HTTP/1.1" 200 - "-" "Mozilla/5.0 (Windows; U; Win98; ja-JP; Mag0801) Gecko/20090726 Netscape6/6.1"
10.212.103.137 - - [14/Feb/2010:12:32:36 -0500] "GET /robots.txt HTTP/1.0" 404 204 "-" "Openfind data gatherer, Openbot/3.0+(robot-response@openfind.com.tw;+http://www.openfind.com.tw/robot.html)"
10.57.16.200 - - [14/Feb/2010:12:43:20 -0500] "GET /rbsax/doc/classes/XML/SAX2/Attributes.html HTTP/1.0" 200 9166 "-" "Openfind data gatherer, Openbot/3.0+(robot-response@openfind.com.tw;+http://www.openfind.com.tw/robot.html)"
10.36.216.153 - - [14/Feb/2010:13:00:23 -0500] "GET /r/index.html HTTP/1.1" 200 38969 "-" "-"
10.176.106.19 - - [14/Feb/2010:13:40:31 -0500] "GET /rbsax/doc/ HTTP/1.0" 200 583 "http://www.rubyxml.com/" "Mozilla/4.0 (compatible; MSIE 5.5; Windows NT 5.0)"
10.176.106.19 - - [14/Feb/2010:13:40:31 -0500] "GET /rbsax/doc/fr_file_index.html HTTP/1.0" 200 3016 "http://www.rubycolor.org/rbsax/doc/" "Mozilla/4.0 (compatible; MSIE 5.5; Windows NT 5.0)"
10.176.106.19 - - [14/Feb/2010:13:40:31 -0500] "GET /rbsax/doc/fr_class_index.html HTTP/1.0" 200 4130 "http://www.rubycolor.org/rbsax/doc/" "Mozilla/4.0 (compatible; MSIE 5.5; Windows NT 5.0)"
10.176.106.19 - - [14/Feb/2010:13:40:31 -0500] "GET /rbsax/doc/fr_method_index.html HTTP/1.0" 200 36947 "http://www.rubycolor.org/rbsax/doc/" "Mozilla/4.0 (compatible; MSIE 5.5; Windows NT 5.0)"
10.176.106.19 - - [14/Feb/2010:13:40:31 -0500] "GET /rbsax/doc/files/lib/xml/sax2_rb.html HTTP/1.0" 200 8688 "http://www.rubycolor.org/rbsax/doc/" "Mozilla/4.0 (compatible; MSIE 5.5; Windows NT 5.0)"
10.176.106.19 - - [14/Feb/2010:13:40:32 -0500] "GET /rbsax/doc/rdoc-style.css HTTP/1.0" 200 1206 "http://www.rubycolor.org/rbsax/doc/files/lib/xml/sax2_rb.html" "Mozilla/4.0 (compatible; MSIE 5.5; Windows NT 5.0)"
10.176.106.19 - - [14/Feb/2010:13:40:56 -0500] "GET /rbsax/doc/classes/XML.html HTTP/1.0" 200 9765 "http://www.rubycolor.org/rbsax/doc/files/lib/xml/sax2_rb.html" "Mozilla/4.0 (compatible; MSIE 5.5; Windows NT 5.0)"
10.176.106.19 - - [14/Feb/2010:13:41:00 -0500] "GET /rbsax/doc/classes/XML/SAX2.html HTTP/1.0" 200 10365 "http://www.rubycolor.org/rbsax/doc/classes/XML.html" "Mozilla/4.0 (compatible; MSIE 5.5; Windows NT 5.0)"
10.176.106.19 - - [14/Feb/2010:13:41:13 -0500] "GET /rbsax/doc/classes/XML/SAX2.html HTTP/1.0" 200 10365 "http://www.rubycolor.org/rbsax/doc/files/lib/xml/sax2_rb.html" "Mozilla/4.0 (compatible; MSIE 5.5; Windows NT 5.0)"
10.212.103.137 - - [14/Feb/2010:13:58:53 -0500] "GET /rbsax/doc/classes/XML/SAX2/SAXException.src/M000316.html HTTP/1.0" 200 487 "-" "Openfind data gatherer, Openbot/3.0+(robot-response@openfind.com.tw;+http://www.openfind.com.tw/robot.html)"
10.36.216.153 - - [14/Feb/2010:14:00:29 -0500] "GET /r/index.html HTTP/1.1" 200 38969 "-" "-"
10.57.16.200 - - [14/Feb/2010:14:10:37 -0500] "GET /rbsax/doc/classes/XML/SAX2/Locator.src/M000015.html HTTP/1.0" 200 475 "-" "Openfind data gatherer, Openbot/3.0+(robot-response@openfind.com.tw;+http://www.openfind.com.tw/robot.html)"
10.0.132.100 - - [14/Feb/2010:14:12:27 -0500] "GET /r/ HTTP/1.0" 200 38831 "http://www.ruby-lang.org/ja/hotlinks.html" "-"
10.213.13.126 - - [14/Feb/2010:14:21:08 -0500] "GET /r/201001a.html HTTP/1.0" 200 6473 "http://www.rubycolor.org/r/201001a.html" "Mozilla/4.0 (compatible; MSIE 5.01; Windows NT 5.0)"
10.80.135.114 - - [14/Feb/2010:14:46:56 -0500] "GET /r/index.html HTTP/1.0" 200 38831 "-" "Mozilla/3.01 (compatible;)"
10.57.16.200 - - [14/Feb/2010:14:48:24 -0500] "GET /rbsax/doc/classes/XML/SAX2.html HTTP/1.0" 200 10365 "-" "Openfind data gatherer, Openbot/3.0+(robot-response@openfind.com.tw;+http://www.openfind.com.tw/robot.html)"
10.36.216.153 - - [14/Feb/2010:15:00:15 -0500] "GET /r/index.html HTTP/1.1" 200 38969 "-" "-"
10.155.127.164 - - [14/Feb/2010:15:01:47 -0500] "GET /r/topics_raa.html HTTP/1.1" 200 5487 "-" "Mozilla/4.0 (compatible; MSIE 5.5; Windows NT 5.0; T312461)"
10.155.127.164 - - [14/Feb/2010:15:02:57 -0500] "GET /r/200912a.html HTTP/1.1" 200 9014 "http://www.rubycolor.org/r/topics_raa.html" "Mozilla/4.0 (compatible; MSIE 5.5; Windows NT 5.0; T312461)"
10.155.127.164 - - [14/Feb/2010:15:03:15 -0500] "GET /r/topics_www.html HTTP/1.1" 200 6249 "http://www.rubycolor.org/r/topics_raa.html" "Mozilla/4.0 (compatible; MSIE 5.5; Windows NT 5.0; T312461)"
10.155.127.164 - - [14/Feb/2010:15:03:29 -0500] "GET /r/200912b.html HTTP/1.1" 200 12123 "http://www.rubycolor.org/r/topics_www.html" "Mozilla/4.0 (compatible; MSIE 5.5; Windows NT 5.0; T312461)"
10.155.127.164 - - [14/Feb/2010:15:03:41 -0500] "GET /r/topics_event.html HTTP/1.1" 200 3093 "http://www.rubycolor.org/r/topics_www.html" "Mozilla/4.0 (compatible; MSIE 5.5; Windows NT 5.0; T312461)"
10.155.127.164 - - [14/Feb/2010:15:04:15 -0500] "GET /r/201001a.html HTTP/1.1" 200 6499 "http://www.rubycolor.org/r/topics_event.html" "Mozilla/4.0 (compatible; MSIE 5.5; Windows NT 5.0; T312461)"
10.15.192.153 - - [14/Feb/2010:15:13:32 -0500] "GET /rbsax/doc/classes/XML/SAX2/Locator.src/M000017.html HTTP/1.0" 200 480 "-" "Openfind data gatherer, Openbot/3.0+(robot-response@openfind.com.tw;+http://www.openfind.com.tw/robot.html)"
10.35.161.40 - - [14/Feb/2010:15:19:05 -0500] "GET /r/ HTTP/1.0" 200 38831 "-" "Opera/6.01 (Windows 98; U)  [ja]"
10.176.106.19 - - [14/Feb/2010:15:49:19 -0500] "GET /rbsax/doc/ HTTP/1.0" 200 583 "http://www.rubyxml.com" "Mozilla/4.0 (compatible; MSIE 5.5; Windows NT 5.0)"
10.176.106.19 - - [14/Feb/2010:15:49:21 -0500] "GET /rbsax/doc/fr_file_index.html HTTP/1.0" 200 3016 "http://www.rubycolor.org/rbsax/doc/" "Mozilla/4.0 (compatible; MSIE 5.5; Windows NT 5.0)"
10.176.106.19 - - [14/Feb/2010:15:49:21 -0500] "GET /rbsax/doc/fr_class_index.html HTTP/1.0" 200 4130 "http://www.rubycolor.org/rbsax/doc/" "Mozilla/4.0 (compatible; MSIE 5.5; Windows NT 5.0)"
10.176.106.19 - - [14/Feb/2010:15:49:21 -0500] "GET /rbsax/doc/fr_method_index.html HTTP/1.0" 200 36947 "http://www.rubycolor.org/rbsax/doc/" "Mozilla/4.0 (compatible; MSIE 5.5; Windows NT 5.0)"
10.176.106.19 - - [14/Feb/2010:15:49:21 -0500] "GET /rbsax/doc/files/lib/xml/sax2_rb.html HTTP/1.0" 200 8688 "http://www.rubycolor.org/rbsax/doc/" "Mozilla/4.0 (compatible; MSIE 5.5; Windows NT 5.0)"
10.116.190.16 - - [14/Feb/2010:15:58:12 -0500] "GET /r/ HTTP/1.1" 200 - "-" "Mozilla/4.0 (compatible; MSIE 6.0; Windows NT 5.1; Q312461)"
10.36.216.153 - - [14/Feb/2010:16:00:12 -0500] "GET /r/index.html HTTP/1.1" 200 38969 "-" "-"
10.170.87.131 - - [14/Feb/2010:16:02:48 -0500] "GET /r/?-------- HTTP/1.0" 200 38831 "-" "Mozilla/4.78 [ja] (Win95; U)"
10.58.130.147 - - [14/Feb/2010:16:09:15 -0500] "GET /r/200907c.html HTTP/1.1" 200 22757 "http://www.google.com/search?q=pocketruby&sourceid=opera&num=0&ie=utf-8&oe=utf-8" "Mozilla/4.0 (compatible; MSIE 5.0; Windows 2000) Opera 6.0  [en]"
10.0.132.100 - - [14/Feb/2010:16:12:27 -0500] "GET /r/ HTTP/1.0" 200 38831 "http://www.ruby-lang.org/ja/hotlinks.html" "-"
10.216.239.93 - - [14/Feb/2010:16:25:36 -0500] "GET /robots.txt HTTP/1.1" 404 216 "-" "WebAuto/3.40 (Win98; I)"
10.110.12.11 - - [14/Feb/2010:16:36:46 -0500] "GET /robots.txt HTTP/1.0" 404 204 "-" "ia_archiver"
10.213.13.126 - - [14/Feb/2010:16:55:52 -0500] "GET /r/about.html HTTP/1.0" 200 4185 "http://www.rubycolor.org/r/about.html" "Mozilla/4.0 (compatible; MSIE 5.01; Windows NT 5.0)"
10.36.216.153 - - [14/Feb/2010:17:00:23 -0500] "GET /r/index.html HTTP/1.1" 200 38969 "-" "-"
10.158.152.128 - - [14/Feb/2010:17:05:11 -0500] "GET /robots.txt HTTP/1.0" 404 204 "-" "Scooter-3.2.DIL"
10.158.152.128 - - [14/Feb/2010:17:05:11 -0500] "GET /r/topics_ml.html HTTP/1.0" 200 12295 "-" "Scooter-3.2.DIL"
10.180.126.194 - - [14/Feb/2010:17:11:06 -0500] "GET /rbsax/doc/classes/XML/SAX2/ParserFactory.src/M000310.html HTTP/1.0" 200 457 "-" "Openfind data gatherer, Openbot/3.0+(robot-response@openfind.com.tw;+http://www.openfind.com.tw/robot.html)"
10.80.135.114 - - [14/Feb/2010:17:11:17 -0500] "GET /r/index.html HTTP/1.0" 200 38831 "-" "Mozilla/3.01 (compatible;)"
10.180.126.194 - - [14/Feb/2010:17:13:10 -0500] "GET /rbsax/doc/classes/XML/SAX2/ParserFactory.src/M000309.html HTTP/1.0" 200 458 "-" "Openfind data gatherer, Openbot/3.0+(robot-response@openfind.com.tw;+http://www.openfind.com.tw/robot.html)"
10.108.253.176 - - [14/Feb/2010:17:25:58 -0500] "GET /r/index.html HTTP/1.0" 200 38831 "-" "Wget/1.7"
10.212.103.137 - - [14/Feb/2010:17:32:26 -0500] "GET /rbsax/doc/classes/XML/SAX2/SAXException.src/M000318.html HTTP/1.0" 200 471 "-" "Openfind data gatherer, Openbot/3.0+(robot-response@openfind.com.tw;+http://www.openfind.com.tw/robot.html)"
10.158.152.128 - - [14/Feb/2010:17:56:21 -0500] "GET /robots.txt HTTP/1.0" 404 204 "-" "Scooter-3.2.DIL"
10.158.152.128 - - [14/Feb/2010:17:56:21 -0500] "GET /r/200907c.html HTTP/1.0" 200 22675 "-" "Scooter-3.2.DIL"
10.36.216.153 - - [14/Feb/2010:18:00:25 -0500] "GET /r/index.html HTTP/1.1" 200 38969 "-" "-"
10.93.244.47 - - [14/Feb/2010:18:08:51 -0500] "GET /r/?02071402 HTTP/1.1" 200 - "-" "Mozilla/4.0 (compatible; MSIE 4.0; Windows NT)"
10.0.132.100 - - [14/Feb/2010:18:12:32 -0500] "GET /r/ HTTP/1.0" 200 38831 "http://www.ruby-lang.org/ja/hotlinks.html" "-"
10.57.16.200 - - [14/Feb/2010:18:28:01 -0500] "GET /robots.txt HTTP/1.0" 404 204 "-" "Openfind data gatherer, Openbot/3.0+(robot-response@openfind.com.tw;+http://www.openfind.com.tw/robot.html)"
10.219.236.35 - - [14/Feb/2010:18:31:50 -0500] "GET /r/ HTTP/1.1" 200 - "-" "Mozilla/4.0 (compatible; MSIE 6.0; Windows NT 5.1; T312461; Q312461)"
10.211.162.247 - - [14/Feb/2010:18:35:10 -0500] "GET /r HTTP/1.0" 301 227 "-" "Mozilla/4.0 (compatible; MSIE 6.0; Windows NT 5.0; MSIECrawler)"
10.211.162.247 - - [14/Feb/2010:18:35:12 -0500] "GET /r/ HTTP/1.0" 200 - "-" "Mozilla/4.0 (compatible; MSIE 6.0; Windows NT 5.0; MSIECrawler)"
10.180.126.194 - - [14/Feb/2010:18:38:46 -0500] "GET /rbsax/doc/classes/XML/SAX2/ParserFactory.src/M000311.html HTTP/1.0" 200 458 "-" "Openfind data gatherer, Openbot/3.0+(robot-response@openfind.com.tw;+http://www.openfind.com.tw/robot.html)"
10.112.235.86 - - [14/Feb/2010:18:48:18 -0500] "GET /rbsax/doc/classes/XML/SAX2/ParserFactory.src/M000307.html HTTP/1.0" 200 448 "-" "Openfind data gatherer, Openbot/3.0+(robot-response@openfind.com.tw;+http://www.openfind.com.tw/robot.html)"
10.96.135.191 - - [14/Feb/2010:18:55:20 -0500] "GET /r/ HTTP/1.0" 200 38831 "-" "InternetLinkAgent/3.1"
10.96.135.191 - - [14/Feb/2010:18:56:20 -0500] "GET /r/ HTTP/1.0" 200 38831 "-" "InternetLinkAgent/3.1"
10.112.57.208 - - [14/Feb/2010:18:58:33 -0500] "GET /r/index.html HTTP/1.1" 200 38969 "-" "Mozilla/4.7 [ja] (Win98; U)"
10.36.216.153 - - [14/Feb/2010:19:00:27 -0500] "GET /r/index.html HTTP/1.1" 200 38969 "-" "-"
10.240.186.209 - - [14/Feb/2010:19:10:01 -0500] "GET /r/ HTTP/1.0" 200 - "http://www.rubycolor.org/" "Mozilla/5.0 (Windows; U; Windows NT 5.0; en-US; rv:0.9.8) Gecko/20100204"
10.212.103.137 - - [14/Feb/2010:19:21:31 -0500] "GET /rbsax/doc/classes/XML/SAX2/ParserFactory.src/M000314.html HTTP/1.0" 200 454 "-" "Openfind data gatherer, Openbot/3.0+(robot-response@openfind.com.tw;+http://www.openfind.com.tw/robot.html)"
10.80.135.114 - - [14/Feb/2010:19:25:36 -0500] "GET /r/index.html HTTP/1.0" 200 38831 "-" "Mozilla/3.01 (compatible;)"
10.213.13.126 - - [14/Feb/2010:19:27:03 -0500] "GET /r/200908a.html HTTP/1.0" 200 13794 "http://www.rubycolor.org/r/200908a.html" "Mozilla/4.0 (compatible; MSIE 5.01; Windows NT 5.0)"
10.109.155.86 - - [14/Feb/2010:19:31:53 -0500] "GET /r/ HTTP/1.1" 200 - "http://www.rubycolor.org" "Mozilla/4.0 (compatible; MSIE 6.0; Windows NT 5.0; Q312461)"
10.109.155.86 - - [14/Feb/2010:19:31:57 -0500] "GET /r/ HTTP/1.1" 200 - "http://www.rubycolor.org" "Mozilla/4.0 (compatible; MSIE 6.0; Windows NT 5.0; Q312461)"
10.158.152.128 - - [14/Feb/2010:19:35:27 -0500] "GET /robots.txt HTTP/1.0" 404 204 "-" "Scooter-3.2.DIL"
10.158.152.128 - - [14/Feb/2010:19:35:27 -0500] "GET /r/ HTTP/1.0" 200 38831 "-" "Scooter-3.2.DIL"
10.212.103.137 - - [14/Feb/2010:19:40:29 -0500] "GET /rbsax/doc/classes/XML/SAX2/SAXException.src/M000315.html HTTP/1.0" 200 746 "-" "Openfind data gatherer, Openbot/3.0+(robot-response@openfind.com.tw;+http://www.openfind.com.tw/robot.html)"
10.11.48.158 - - [14/Feb/2010:19:41:00 -0500] "GET /r/ HTTP/1.0" 200 - "http://www.rubycolor.org/r/" "SpaceBison/0.01 [fu] (Win67; X; SK)"
10.133.119.69 - - [14/Feb/2010:19:42:24 -0500] "GET /r/ HTTP/1.0" 200 - "-" "Mozilla/4.0 (compatible; MSIE 5.5; Windows NT 4.0)"
10.241.22.189 - - [14/Feb/2010:19:51:30 -0500] "GET /r/ HTTP/1.0" 200 - "-" "Mozilla/3.01 (compatible;)"
10.241.22.189 - - [14/Feb/2010:19:51:31 -0500] "GET /r/ HTTP/1.0" 200 38831 "-" "Mozilla/4.0 (compatible; MSIE 5.5; Windows NT 5.0; Hewlett-Packard IE5.5)"
10.36.216.153 - - [14/Feb/2010:20:00:14 -0500] "GET /r/index.html HTTP/1.1" 200 38969 "-" "-"
10.245.12.130 - - [14/Feb/2010:20:08:59 -0500] "GET /r/ HTTP/1.0" 200 38804 "-" "Mozilla/5.0 (Windows; U; Windows NT 5.0; ja-JP; rv:0.9.4) Gecko/20091019 Netscape6/6.2"
10.23.56.118 - - [14/Feb/2010:20:10:42 -0500] "GET /r/index.html HTTP/1.0" 200 38804 "-" "Mozilla/3.04 (WinNT; I)"
10.0.132.100 - - [14/Feb/2010:20:12:28 -0500] "GET /r/ HTTP/1.0" 200 38804 "http://www.ruby-lang.org/ja/hotlinks.html" "-"
10.180.126.194 - - [14/Feb/2010:20:14:59 -0500] "GET /rbsax/doc/classes/XML/SAX2/ParserFactory.src/M000312.html HTTP/1.0" 200 464 "-" "Openfind data gatherer, Openbot/3.0+(robot-response@openfind.com.tw;+http://www.openfind.com.tw/robot.html)"
10.154.36.97 - - [14/Feb/2010:20:22:09 -0500] "GET /r/ HTTP/1.1" 200 - "-" "Mozilla/4.0 (compatible; MSIE 5.5; Windows NT 4.0; T312461)"
10.36.216.153 - - [14/Feb/2010:21:00:17 -0500] "GET /r/index.html HTTP/1.1" 200 38942 "-" "-"
10.103.119.55 - - [14/Feb/2010:21:02:10 -0500] "GET /r/ HTTP/1.0" 200 - "-" "Mozilla/5.001 (Macintosh; N; PPC; ja)"
10.152.1.119 - - [14/Feb/2010:21:05:29 -0500] "GET /r/ HTTP/1.1" 200 38888 "-" "Mozilla/4.0 (compatible; MSIE 5.0; Windows 2000) Opera 6.0  [ja]"
10.54.65.254 - - [14/Feb/2010:21:15:42 -0500] "GET /r/ HTTP/1.1" 200 - "-" "Mozilla/4.0 (compatible; MSIE 5.01; Windows 98)"
10.10.31.61 - - [14/Feb/2010:21:21:28 -0500] "GET /robots.txt HTTP/1.0" 404 204 "-" "Mozilla/3.0 (Slurp/si; slurp@inktomi.com; http://www.inktomi.com/slurp.html)"
10.68.80.174 - - [14/Feb/2010:21:35:01 -0500] "GET /r/ HTTP/1.1" 200 38888 "-" "Mozilla/5.0 (X11; U; Linux i686; en-US; Galeon) Gecko/20090901"
10.112.235.86 - - [14/Feb/2010:21:38:25 -0500] "GET /rbsax/doc/classes/XML/SAX2/ParserFactory.src/M000308.html HTTP/1.0" 200 458 "-" "Openfind data gatherer, Openbot/3.0+(robot-response@openfind.com.tw;+http://www.openfind.com.tw/robot.html)"
10.80.135.114 - - [14/Feb/2010:21:39:56 -0500] "GET /r/index.html HTTP/1.0" 200 38804 "-" "Mozilla/3.01 (compatible;)"
10.165.99.63 - - [14/Feb/2010:21:45:37 -0500] "GET /r/ HTTP/1.1" 200 38888 "-" "Mozilla/5.0 (Macintosh; U; PPC Mac OS X; en-US; rv:0.9.8+) Gecko/20100214"
10.213.13.126 - - [14/Feb/2010:21:53:31 -0500] "GET /r/200910a.html HTTP/1.0" 200 9744 "http://www.rubycolor.org/r/200910a.html" "Mozilla/4.0 (compatible; MSIE 5.01; Windows NT 5.0)"
10.156.5.191 - - [14/Feb/2010:21:55:37 -0500] "GET /r/ HTTP/1.1" 200 38888 "http://www.ruby-lang.org/ja/hotlinks.html" "Mozilla/4.0 (compatible; MSIE 5.5; Windows 98; Win 9x 4.90)"
10.214.138.227 - - [14/Feb/2010:21:58:52 -0500] "GET /robots.txt HTTP/1.0" 404 204 "-" "Mozilla/3.0 (Slurp/si; slurp@inktomi.com; http://www.inktomi.com/slurp.html)"
10.36.216.153 - - [14/Feb/2010:22:00:16 -0500] "GET /r/index.html HTTP/1.1" 200 38942 "-" "-"
10.212.103.137 - - [14/Feb/2010:22:05:04 -0500] "GET /rbsax/doc/classes/XML/SAX2/SAXException.src/M000317.html HTTP/1.0" 200 472 "-" "Openfind data gatherer, Openbot/3.0+(robot-response@openfind.com.tw;+http://www.openfind.com.tw/robot.html)"
10.180.126.194 - - [14/Feb/2010:22:07:58 -0500] "GET /rbsax/doc/classes/XML/SAX2/ParserFactory.src/M000313.html HTTP/1.0" 200 453 "-" "Openfind data gatherer, Openbot/3.0+(robot-response@openfind.com.tw;+http://www.openfind.com.tw/robot.html)"
10.0.132.100 - - [14/Feb/2010:22:12:28 -0500] "GET /r/ HTTP/1.0" 200 38804 "http://www.ruby-lang.org/ja/hotlinks.html" "-"
10.213.13.126 - - [14/Feb/2010:22:19:51 -0500] "GET /r/201001b.html HTTP/1.0" 404 208 "http://www.rubycolor.org/r/201001b.html" "Mozilla/4.0 (compatible; MSIE 5.01; Windows NT 5.0)"
10.182.172.55 - - [14/Feb/2010:22:23:40 -0500] "GET /robots.txt HTTP/1.0" 404 204 "-" "Gais data gater, gaisbot/3.0+(robot-response@openfind.com.tw;+http://gais.cs.ccu.edu.tw/robot.php)"
10.96.135.191 - - [14/Feb/2010:22:34:55 -0500] "GET /r/ HTTP/1.0" 200 38804 "-" "InternetLinkAgent/3.1"
10.4.46.74 - - [14/Feb/2010:22:53:50 -0500] "GET /r/ HTTP/1.0" 200 38804 "-" "Mozilla/5.0 (X11; U; Linux i686; en-US; rv:0.9.8) Gecko/20100211"
10.154.251.140 - - [14/Feb/2010:22:59:18 -0500] "GET /r/ HTTP/1.0" 200 38804 "-" "w3m/0.2.1"
10.182.172.55 - - [14/Feb/2010:22:59:46 -0500] "GET /rss/1.0/modules/raa/ HTTP/1.0" 200 3541 "-" "Gais data gater, gaisbot/3.0+(robot-response@openfind.com.tw;+http://gais.cs.ccu.edu.tw/robot.php)"
10.36.216.153 - - [14/Feb/2010:23:00:26 -0500] "GET /r/index.html HTTP/1.1" 200 38942 "-" "-"
10.96.135.191 - - [14/Feb/2010:23:07:16 -0500] "GET /r/ HTTP/1.1" 200 38888 "-" "Mozilla/4.0 (compatible; MSIE 5.5; Windows NT 5.0; T312461)"
10.39.145.15 - - [14/Feb/2010:23:07:28 -0500] "GET /r/ HTTP/1.0" 200 - "-" "Mozilla/3.01 (compatible;)"
10.96.135.191 - - [14/Feb/2010:23:08:16 -0500] "GET /r/ HTTP/1.1" 200 - "-" "Mozilla/4.0 (compatible; MSIE 5.5; Windows NT 5.0; T312461; Lunascape 0.97beta)"
10.254.153.45 - - [14/Feb/2010:23:19:12 -0500] "GET /r/ HTTP/1.1" 200 38888 "-" "Mozilla/4.0 (compatible; MSIE 6.0; Windows 98; Q312461)"
10.66.7.37 - - [14/Feb/2010:23:28:13 -0500] "GET /r/index.html HTTP/1.1" 200 38942 "-" "Mozilla/4.0 (compatible; MSIE 5.5; Windows 98; T312461)"
10.158.152.128 - - [14/Feb/2010:23:37:58 -0500] "GET /robots.txt HTTP/1.0" 404 204 "-" "Scooter-3.2.DIL"
10.158.152.128 - - [14/Feb/2010:23:37:58 -0500] "GET /r/index.html HTTP/1.0" 200 38804 "-" "Scooter-3.2.DIL"
10.80.135.114 - - [14/Feb/2010:23:44:14 -0500] "GET /r/index.html HTTP/1.0" 200 38804 "-" "Mozilla/3.01 (compatible;)"
10.44.101.50 - - [14/Feb/2010:23:59:11 -0500] "GET /r/ HTTP/1.0" 200 38804 "-" "Mozilla/4.76 (Windows NT 4.0; U) Opera 6.0  [ja]"
10.36.216.153 - - [15/Feb/2010:00:00:38 -0500] "GET /r/index.html HTTP/1.1" 200 38942 "-" "-"
10.212.103.137 - - [15/Feb/2010:00:06:37 -0500] "GET /robots.txt HTTP/1.0" 404 204 "-" "Openfind data gatherer, Openbot/3.0+(robot-response@openfind.com.tw;+http://www.openfind.com.tw/robot.html)"
10.0.132.100 - - [15/Feb/2010:00:12:37 -0500] "GET /r/ HTTP/1.0" 200 38804 "http://www.ruby-lang.org/ja/hotlinks.html" "-"
10.180.126.194 - - [15/Feb/2010:00:22:32 -0500] "GET /robots.txt HTTP/1.0" 404 204 "-" "Openfind data gatherer, Openbot/3.0+(robot-response@openfind.com.tw;+http://www.openfind.com.tw/robot.html)"
10.140.156.134 - - [15/Feb/2010:00:38:31 -0500] "GET /r/index.html HTTP/1.0" 200 38804 "http://www.rubycolor.org/r/" "w3m/0.2.5+cvs-1.291-m17n-20100202"
10.212.103.137 - - [15/Feb/2010:00:53:14 -0500] "GET /rbsax/doc/classes/XML/SAX2/Drivers/REXML.src/M000269.html HTTP/1.0" 200 550 "-" "Openfind data gatherer, Openbot/3.0+(robot-response@openfind.com.tw;+http://www.openfind.com.tw/robot.html)"
10.36.216.153 - - [15/Feb/2010:01:00:25 -0500] "GET /r/index.html HTTP/1.1" 200 38942 "-" "-"
10.89.204.196 - - [15/Feb/2010:01:08:40 -0500] "GET /r/200907a.html HTTP/1.1" 200 27532 "http://www.google.com/search?q=debian+ndiary&hl=ja&lr=lang_ja&start=20&sa=N" "Mozilla/5.0 (X11; U; Linux i686; en-US; rv:0.9.8) Gecko/20100204"
10.89.204.196 - - [15/Feb/2010:01:10:53 -0500] "GET /r/ HTTP/1.1" 200 38888 "http://www.rubycolor.org/" "Mozilla/5.0 (X11; U; Linux i686; en-US; rv:0.9.8) Gecko/20100204"
10.158.152.128 - - [15/Feb/2010:01:11:24 -0500] "GET /robots.txt HTTP/1.0" 404 204 "-" "Scooter-3.2.DIL"
10.158.152.128 - - [15/Feb/2010:01:11:24 -0500] "GET /r/200909a.html HTTP/1.0" 200 13755 "-" "Scooter-3.2.DIL"
10.89.204.196 - - [15/Feb/2010:01:11:58 -0500] "GET /r/topics_raa.html HTTP/1.1" 200 5487 "http://www.rubycolor.org/r/" "Mozilla/5.0 (X11; U; Linux i686; en-US; rv:0.9.8) Gecko/20100204"
10.103.27.252 - - [15/Feb/2010:01:14:41 -0500] "GET /r/ HTTP/1.0" 200 38804 "-" "w3m"
10.66.7.37 - - [15/Feb/2010:01:15:55 -0500] "GET /r/index.html HTTP/1.1" 200 38942 "-" "Mozilla/4.0 (compatible; MSIE 5.5; Windows 98; T312461)"
10.225.251.63 - - [15/Feb/2010:01:19:09 -0500] "GET /r/index.html HTTP/1.0" 200 38804 "-" "Mozilla/4.0 (compatible; MSIE 6.0; Windows 98; Q312461)"
10.17.56.176 - - [15/Feb/2010:01:19:20 -0500] "GET /r/index.html HTTP/1.0" 200 38804 "-" "Mozilla/4.0 (compatible; MSIE 6.0; Windows 98; Q312461)"
10.108.253.176 - - [15/Feb/2010:01:25:44 -0500] "GET /r/index.html HTTP/1.0" 200 38804 "-" "Wget/1.7"
10.186.195.151 - - [15/Feb/2010:01:25:58 -0500] "GET /r/ HTTP/1.0" 200 - "-" "Mozilla/4.0 (compatible; MSIE 5.5; Windows NT 5.0; T312461; NetCaptor 6.5.0B7)"
10.35.21.223 - - [15/Feb/2010:01:46:59 -0500] "GET /rbsax/doc/ HTTP/1.0" 200 583 "http://www.rubyxml.com/" "Mozilla/4.0 (compatible; MSIE 6.0; Windows NT 5.0; T312461; Q312461)"
10.35.21.223 - - [15/Feb/2010:01:46:59 -0500] "GET /rbsax/doc/fr_file_index.html HTTP/1.0" 200 3016 "-" "Mozilla/3.01 (compatible;)"
10.35.21.223 - - [15/Feb/2010:01:46:59 -0500] "GET /rbsax/doc/fr_class_index.html HTTP/1.0" 200 4130 "-" "Mozilla/3.01 (compatible;)"
10.35.21.223 - - [15/Feb/2010:01:46:59 -0500] "GET /rbsax/doc/files/lib/xml/sax2_rb.html HTTP/1.0" 200 8688 "-" "Mozilla/3.01 (compatible;)"
10.35.21.223 - - [15/Feb/2010:01:46:59 -0500] "GET /rbsax/doc/fr_method_index.html HTTP/1.0" 200 36947 "-" "Mozilla/3.01 (compatible;)"
10.35.21.223 - - [15/Feb/2010:01:47:00 -0500] "GET /rbsax/doc/rdoc-style.css HTTP/1.0" 200 1206 "http://www.rubycolor.org/rbsax/doc/files/lib/xml/sax2_rb.html" "Mozilla/4.0 (compatible; MSIE 6.0; Windows NT 5.0; T312461; Q312461)"
10.35.21.223 - - [15/Feb/2010:01:47:33 -0500] "GET /rbsax/doc/classes/XML/SAX2.html HTTP/1.0" 200 10365 "http://www.rubycolor.org/rbsax/doc/files/lib/xml/sax2_rb.html" "Mozilla/4.0 (compatible; MSIE 6.0; Windows NT 5.0; T312461; Q312461)"
10.35.21.223 - - [15/Feb/2010:01:47:34 -0500] "GET /rbsax/doc/rdoc-style.css HTTP/1.0" 304 - "-" "Mozilla/3.01 (compatible;)"
10.80.135.114 - - [15/Feb/2010:01:48:32 -0500] "GET /r/index.html HTTP/1.0" 200 38804 "-" "Mozilla/3.01 (compatible;)"
10.36.216.153 - - [15/Feb/2010:02:00:14 -0500] "GET /r/index.html HTTP/1.1" 200 38942 "-" "-"
10.111.101.137 - - [15/Feb/2010:02:05:33 -0500] "GET /r/index.html HTTP/1.1" 200 38942 "-" "Mozilla/4.0 (compatible; MSIE 6.0; Windows NT 5.0; Q312461)"
10.150.213.185 - - [15/Feb/2010:02:09:28 -0500] "GET /r/ HTTP/1.0" 200 38804 "-" "Mozilla/4.0 (compatible; MSIE 4.0; Windows 95)"
10.150.213.185 - - [15/Feb/2010:02:09:45 -0500] "GET /r/topics.html HTTP/1.0" 200 19244 "-" "Mozilla/4.0 (compatible; MSIE 4.0; Windows 95)"
10.237.229.115 - - [15/Feb/2010:02:09:59 -0500] "GET /r/topics_ml.html HTTP/1.0" 200 12295 "-" "Mozilla/4.0 (compatible; MSIE 6.0; Windows NT 5.0)"
10.150.213.185 - - [15/Feb/2010:02:10:12 -0500] "GET /r/topics_raa.html HTTP/1.0" 200 5461 "-" "Mozilla/4.0 (compatible; MSIE 4.0; Windows 95)"
10.237.229.115 - - [15/Feb/2010:02:10:27 -0500] "GET /r/topics_www.html HTTP/1.0" 200 6223 "-" "Mozilla/4.0 (compatible; MSIE 6.0; Windows NT 5.0)"
10.150.213.185 - - [15/Feb/2010:02:10:39 -0500] "GET /r/topics_event.html HTTP/1.0" 200 3081 "-" "Mozilla/4.0 (compatible; MSIE 4.0; Windows 95)"
10.150.213.185 - - [15/Feb/2010:02:10:53 -0500] "GET /r/topics_etc.html HTTP/1.0" 200 3563 "-" "Mozilla/4.0 (compatible; MSIE 4.0; Windows 95)"
10.150.213.185 - - [15/Feb/2010:02:11:06 -0500] "GET /r/topics_ot.html HTTP/1.0" 200 3338 "-" "Mozilla/4.0 (compatible; MSIE 4.0; Windows 95)"
10.150.213.185 - - [15/Feb/2010:02:11:18 -0500] "GET /r/201002a.html HTTP/1.0" 200 31062 "-" "Mozilla/4.0 (compatible; MSIE 4.0; Windows 95)"
10.150.213.185 - - [15/Feb/2010:02:11:36 -0500] "GET /r/201001a.html HTTP/1.0" 200 6473 "-" "Mozilla/4.0 (compatible; MSIE 4.0; Windows 95)"
10.150.213.185 - - [15/Feb/2010:02:11:48 -0500] "GET /r/200906b.html HTTP/1.0" 200 7573 "-" "Mozilla/4.0 (compatible; MSIE 4.0; Windows 95)"
10.237.229.115 - - [15/Feb/2010:02:12:06 -0500] "GET /r/200907a.html HTTP/1.0" 200 27436 "-" "Mozilla/4.0 (compatible; MSIE 6.0; Windows NT 5.0)"
10.150.213.185 - - [15/Feb/2010:02:12:20 -0500] "GET /r/200908a.html HTTP/1.0" 200 13794 "-" "Mozilla/4.0 (compatible; MSIE 4.0; Windows 95)"
10.237.229.115 - - [15/Feb/2010:02:12:34 -0500] "GET /r/200909a.html HTTP/1.0" 200 13755 "-" "Mozilla/4.0 (compatible; MSIE 6.0; Windows NT 5.0)"
10.0.132.100 - - [15/Feb/2010:02:12:37 -0500] "GET /r/ HTTP/1.0" 200 38804 "http://www.ruby-lang.org/ja/hotlinks.html" "-"
10.237.229.115 - - [15/Feb/2010:02:12:48 -0500] "GET /r/200910a.html HTTP/1.0" 200 9744 "-" "Mozilla/4.0 (compatible; MSIE 6.0; Windows NT 5.0)"
10.150.213.185 - - [15/Feb/2010:02:13:02 -0500] "GET /r/200911a.html HTTP/1.0" 200 14349 "-" "Mozilla/4.0 (compatible; MSIE 4.0; Windows 95)"
10.150.213.185 - - [15/Feb/2010:02:13:22 -0500] "GET /r/200912a.html HTTP/1.0" 200 8974 "-" "Mozilla/4.0 (compatible; MSIE 4.0; Windows 95)"
10.150.213.185 - - [15/Feb/2010:02:13:36 -0500] "GET /r/about.html HTTP/1.0" 200 4185 "-" "Mozilla/4.0 (compatible; MSIE 4.0; Windows 95)"
10.237.229.115 - - [15/Feb/2010:02:13:50 -0500] "GET /r/200912b.html HTTP/1.0" 200 12083 "-" "Mozilla/4.0 (compatible; MSIE 6.0; Windows NT 5.0)"
10.150.213.185 - - [15/Feb/2010:02:14:06 -0500] "GET /r/200912c.html HTTP/1.0" 200 8088 "-" "Mozilla/4.0 (compatible; MSIE 4.0; Windows 95)"
10.150.213.185 - - [15/Feb/2010:02:14:20 -0500] "GET /r/200911b.html HTTP/1.0" 200 6567 "-" "Mozilla/4.0 (compatible; MSIE 4.0; Windows 95)"
10.237.229.115 - - [15/Feb/2010:02:14:36 -0500] "GET /r/200911c.html HTTP/1.0" 200 11167 "-" "Mozilla/4.0 (compatible; MSIE 6.0; Windows NT 5.0)"
10.150.213.185 - - [15/Feb/2010:02:14:52 -0500] "GET /r/200910c.html HTTP/1.0" 200 10638 "-" "Mozilla/4.0 (compatible; MSIE 4.0; Windows 95)"
10.237.229.115 - - [15/Feb/2010:02:15:10 -0500] "GET /r/200909b.html HTTP/1.0" 200 9257 "-" "Mozilla/4.0 (compatible; MSIE 6.0; Windows NT 5.0)"
10.237.229.115 - - [15/Feb/2010:02:15:25 -0500] "GET /r/200909c.html HTTP/1.0" 200 11914 "-" "Mozilla/4.0 (compatible; MSIE 6.0; Windows NT 5.0)"
10.150.213.185 - - [15/Feb/2010:02:15:42 -0500] "GET /r/200908b.html HTTP/1.0" 200 7998 "-" "Mozilla/4.0 (compatible; MSIE 4.0; Windows 95)"
10.237.229.115 - - [15/Feb/2010:02:15:56 -0500] "GET /r/200908c.html HTTP/1.0" 200 10351 "-" "Mozilla/4.0 (compatible; MSIE 6.0; Windows NT 5.0)"
10.150.213.185 - - [15/Feb/2010:02:16:14 -0500] "GET /r/200907b.html HTTP/1.0" 200 14613 "-" "Mozilla/4.0 (compatible; MSIE 4.0; Windows 95)"
10.150.213.185 - - [15/Feb/2010:02:16:30 -0500] "GET /r/200907c.html HTTP/1.0" 200 22675 "-" "Mozilla/4.0 (compatible; MSIE 4.0; Windows 95)"
10.150.213.185 - - [15/Feb/2010:02:16:47 -0500] "GET /r/200906c.html HTTP/1.0" 200 19134 "-" "Mozilla/4.0 (compatible; MSIE 4.0; Windows 95)"
10.150.213.185 - - [15/Feb/2010:02:17:02 -0500] "GET /r/index.html HTTP/1.0" 200 38804 "-" "Mozilla/4.0 (compatible; MSIE 4.0; Windows 95)"
10.237.229.115 - - [15/Feb/2010:02:17:26 -0500] "GET /r/201002b.html HTTP/1.0" 404 208 "-" "Mozilla/4.0 (compatible; MSIE 6.0; Windows NT 5.0)"
10.237.229.115 - - [15/Feb/2010:02:17:45 -0500] "GET /r/201002c.html HTTP/1.0" 404 208 "-" "Mozilla/4.0 (compatible; MSIE 6.0; Windows NT 5.0)"
10.237.229.115 - - [15/Feb/2010:02:18:00 -0500] "GET /r/201001b.html HTTP/1.0" 404 208 "-" "Mozilla/4.0 (compatible; MSIE 6.0; Windows NT 5.0)"
10.150.213.185 - - [15/Feb/2010:02:18:13 -0500] "GET /r/201001c.html HTTP/1.0" 404 208 "-" "Mozilla/4.0 (compatible; MSIE 4.0; Windows 95)"
10.150.213.185 - - [15/Feb/2010:02:18:25 -0500] "GET /r/200906a.html HTTP/1.0" 404 208 "-" "Mozilla/4.0 (compatible; MSIE 4.0; Windows 95)"
10.150.213.185 - - [15/Feb/2010:02:18:40 -0500] "GET /r/200910b.html HTTP/1.0" 404 208 "-" "Mozilla/4.0 (compatible; MSIE 4.0; Windows 95)"
10.237.229.115 - - [15/Feb/2010:02:18:57 -0500] "GET /r/www.linux-mag.com HTTP/1.0" 404 213 "-" "Mozilla/4.0 (compatible; MSIE 6.0; Windows NT 5.0)"
